// Vitest Snapshot v1, https://vitest.dev/guide/snapshot.html

exports[`Box > matches snapshot 1`] = `
<DocumentFragment>
  <div
    style="display: inline-block; background-color: red; width: 100px; height: 100px;"
  />
  <button>
    X
  </button>
</DocumentFragment>
`;
